I'm sorry, but errors were detected in your script. Please correct the
errors listed below, and try again.


The label enter_house is defined twice, at File "game/call_livingroom.rpyc", line 1:

and File "game/script.rpy", line 50:
label enter_house:


Ren'Py Version: Ren'Py 8.1.3.23091805
Tue Dec 12 12:08:44 2023
